// Jest Snapshot v1, https://goo.gl/fbAQLP

exports[`Pruebas en AddCategory.js debe de mostrarse correctamente 1`] = `
<form
  onSubmit={[Function]}
>
  <p
    style={
      Object {
        "display": "none",
      }
    }
  />
  <input
    onChange={[Function]}
    type="text"
    value=""
  />
</form>
`;
