// Jest Snapshot v1, https://goo.gl/fbAQLP

exports[`Pruebas en GifGrid.js debe motrar correctamente el componente  1`] = `
<Fragment>
  <h3
    className="animate__animated animate__fadeIn"
  >
    Naruto
  </h3>
  <p>
    Loading
  </p>
  <div
    className="card-grid"
  />
</Fragment>
`;
